Microchip MPLAB XC8 Compiler V2.40

Linker command line:

-W-3 \
  --edf=C:\Program Files\Microchip\xc8\v2.40\pic\dat\20220703182018_en.msgs \
  -pivt0x8=08h -cn -h+dist/default/production\LCDrive.X.production.sym \
  --cmf=dist/default/production\LCDrive.X.production.cmf -z -Q18F26K83 \
  -oC:\Users\Fedor\AppData\Local\Temp\xcAs7hg.4 --defsym=__MPLAB_BUILD=1 \
  --fixupoverflow=error -Mdist/default/production/LCDrive.X.production.map \
  --md=C:\Users\Fedor\AppData\Local\Temp\xcAs7hg.dat -E1 -ver=XC8 Compiler \
  --acfsm=1493 -ACODE=00h-0FFFFh -ACONST=00h-0FFFFh \
  -ASMALLCONST=01000h-010FFhx240 -AMEDIUMCONST=01000h-0FFFFh \
  -ACOMRAM=01h-05Fh -AABS1=00h-0FFFh -ABIGRAM=01h-0FFFh \
  -ARAM=060h-0FFh,0100h-01FFhx15 -ABANK0=060h-0FFh -ABANK1=0100h-01FFh \
  -ABANK2=0200h-02FFh -ABANK3=0300h-03FFh -ABANK4=0400h-04FFh \
  -ABANK5=0500h-05FFh -ABANK6=0600h-06FFh -ABANK7=0700h-07FFh \
  -ABANK8=0800h-08FFh -ABANK9=0900h-09FFh -ABANK10=0A00h-0AFFh \
  -ABANK11=0B00h-0BFFh -ABANK12=0C00h-0CFFh -ABANK13=0D00h-0DFFh \
  -ABANK14=0E00h-0EFFh -ABANK15=0F00h-0FFFh \
  -ASFR=03700h-037FFhx8,03F00h-03F5Fh,03F60h-03FFFh -ABIGSFR=03700h-03FFFh \
  -ACONFIG=0300000h-0300009h -AIDLOC=0200000h-020000Fh \
  -AEEDATA=0310000h-03103FFh -peeprom_data=EEDATA -preset_vec=00h \
  -ppowerup=CODE,init -pramtop=01000h -psmallconst=SMALLCONST \
  -pmediumconst=MEDIUMCONST -pconst=CONST -AFARRAM=00h-00h \
  -prdata=COMRAM,nvrram=COMRAM,nvbit=COMRAM,rbss=COMRAM,rbit=COMRAM \
  -pfarbss=FARRAM,fardata=FARRAM,nvFARRAM=FARRAM \
  -pintsave_regs=BIGRAM,bigbss=BIGRAM,bigdata=BIGRAM -pbss=RAM \
  -pidata=CODE,irdata=CODE,ibigdata=CODE,ifardata=CODE -prparam=COMRAM \
  C:\Users\Fedor\AppData\Local\Temp\xcAs7hg.o \
  dist/default/production\LCDrive.X.production.o 

Object code version is 3.11

Machine type is 18F26K83



                Name                               Link     Load   Length Selector   Space Scale
C:\Users\Fedor\AppData\Local\Temp\xcAs7hg.o
                idloc                            200000   200000       10        0       5
                config                           300000   300000        A        0       4
                init                                 A8       A8        4        4       0
                reset_vec                             0        0        4        0       0
dist/default/production\LCDrive.X.production.o
                idloc                            200000   200000       10        0       5
                config                           300000   300000        A        0       4
                ivt0x8                                8        8       A0        4       0
                text13                              340      340        2        4       0
                text12                               AC       AC       68        4       0
                text11                              33E      33E        2        4       0
                text10                              1AC      1AC       4A        4       0
                text9                               160      160       4C        4       0
                text8                               23C      23C       3C        4       0
                text7                               278      278       26        4       0
                text6                               114      114       4C        4       0
                text5                               2C2      2C2       24        4       0
                text4                               326      326        E        4       0
                text3                               334      334        A        4       0
                text2                               29E      29E       24        4       0
                text1                               308      308       1E        4       0
                text0                               1F6      1F6       46        4       0
                cstackCOMRAM                          E        E        4        1       1
                bssCOMRAM                             1        1        D        1       1
                cinit                               2E6      2E6       22        4       0

TOTAL           Name                               Link     Load   Length     Space
        CLASS   CODE           
                init                                 A8       A8        4         0
                reset_vec                             0        0        4         0
                ivt0x8                                8        8       A0         0
                text13                              340      340        2         0
                text12                               AC       AC       68         0
                text11                              33E      33E        2         0
                text10                              1AC      1AC       4A         0
                text9                               160      160       4C         0
                text8                               23C      23C       3C         0
                text7                               278      278       26         0
                text6                               114      114       4C         0
                text5                               2C2      2C2       24         0
                text4                               326      326        E         0
                text3                               334      334        A         0
                text2                               29E      29E       24         0
                text1                               308      308       1E         0
                text0                               1F6      1F6       46         0
                cinit                               2E6      2E6       22         0

        CLASS   CONST          

        CLASS   SMALLCONST     

        CLASS   MEDIUMCONST    

        CLASS   COMRAM         
                cstackCOMRAM                          E        E        4         1
                bssCOMRAM                             1        1        D         1

        CLASS   ABS1           

        CLASS   BIGRAM         

        CLASS   RAM            

        CLASS   BANK0          

        CLASS   BANK1          

        CLASS   BANK2          

        CLASS   BANK3          

        CLASS   BANK4          

        CLASS   BANK5          

        CLASS   BANK6          

        CLASS   BANK7          

        CLASS   BANK8          

        CLASS   BANK9          

        CLASS   BANK10         

        CLASS   BANK11         

        CLASS   BANK12         

        CLASS   BANK13         

        CLASS   BANK14         

        CLASS   BANK15         

        CLASS   SFR            

        CLASS   BIGSFR         

        CLASS   CONFIG         
                config                           300000   300000        A         4

        CLASS   IDLOC          
                idloc                            200000   200000       10         5

        CLASS   EEDATA         

        CLASS   FARRAM         

        CLASS   HEAP           

        CLASS   STACK          



SEGMENTS        Name                           Load    Length   Top    Selector   Space  Class

                reset_vec                      000000  000004  000004         0       0  CODE    
                bssCOMRAM                      000001  000011  000012         1       1  COMRAM  
                ivt0x8                         000008  00033A  000342         4       0  CODE    


UNUSED ADDRESS RANGES

        Name                Unused          Largest block    Delta
        BANK0            000060-0000FF               A0
        BANK1            000100-0001FF              100
        BANK10           000A00-000AFF              100
        BANK11           000B00-000BFF              100
        BANK12           000C00-000CFF              100
        BANK13           000D00-000DFF              100
        BANK14           000E00-000EFF              100
        BANK15           000F00-000FFF              100
        BANK2            000200-0002FF              100
        BANK3            000300-0003FF              100
        BANK4            000400-0004FF              100
        BANK5            000500-0005FF              100
        BANK6            000600-0006FF              100
        BANK7            000700-0007FF              100
        BANK8            000800-0008FF              100
        BANK9            000900-0009FF              100
        BIGRAM           000012-000FFF              FEE
        BIGSFR           003700-003FFF              900
        CODE             000004-000007                4
                         000342-00FFFF             FCBE
        COMRAM           000012-00005F               4E
        CONST            000004-000007                4
                         000342-00FFFF             FCBE
        EEDATA           310000-3103FF              400
        MEDIUMCONST      001000-00FFFF             F000
        RAM              000060-000FFF              100
        SFR              003700-003FFF              100
        SMALLCONST       001000-00FFFF              100

                                  Symbol Table

INTERRUPT_Initialize@state                cstackCOMRAM 000010
IVTBASEH                                  (abs)        003FD6
IVTBASEL                                  (abs)        003FD5
IVTBASEU                                  (abs)        003FD7
TMR0_SetInterruptHandler@InterruptHandler cstackCOMRAM 000010
TMR0_stepISR@step                         bssCOMRAM    000001
_ANSELA                                   (abs)        003A40
_ANSELB                                   (abs)        003A50
_ANSELC                                   (abs)        003A60
_DMA1AIRQ                                 (abs)        003BFE
_DMA1CON0                                 (abs)        003BFC
_DMA1CON0bits                             (abs)        003BFC
_DMA1CON1                                 (abs)        003BFD
_DMA1CON1bits                             (abs)        003BFD
_DMA1DPTR                                 (abs)        003BEC
_DMA1DSA                                  (abs)        003BF0
_DMA1DSZ                                  (abs)        003BEE
_DMA1PR                                   (abs)        0039F3
_DMA1SIRQ                                 (abs)        003BFF
_DMA1SPTR                                 (abs)        003BF4
_DMA1SSA                                  (abs)        003BF9
_DMA1SSZ                                  (abs)        003BF7
_DMA1_Initialize                          text9        000160
_Default_ISR                              text13       000340
_DstVarName0                              bssCOMRAM    00000D
_GIE                                      (abs)        01FE97
_INLVLA                                   (abs)        003A44
_INLVLB                                   (abs)        003A54
_INLVLC                                   (abs)        003A64
_INLVLE                                   (abs)        003A84
_INTCON0bits                              (abs)        003FD2
_INTERRUPT_Initialize                     text8        00023C
_IPR3bits                                 (abs)        003983
_IVTBASEH                                 (abs)        003FD6
_IVTBASEL                                 (abs)        003FD5
_IVTBASEU                                 (abs)        003FD7
_IVTLOCK                                  (abs)        003FD4
_IVTLOCKbits                              (abs)        003FD4
_LATA                                     (abs)        003FBA
_LATB                                     (abs)        003FBB
_LATC                                     (abs)        003FBC
_ODCONA                                   (abs)        003A42
_ODCONB                                   (abs)        003A52
_ODCONC                                   (abs)        003A62
_OSCCON1                                  (abs)        0039D9
_OSCCON3                                  (abs)        0039DB
_OSCEN                                    (abs)        0039DD
_OSCFRQ                                   (abs)        0039DF
_OSCILLATOR_Initialize                    text7        000278
_OSCTUNE                                  (abs)        0039DE
_PIE2bits                                 (abs)        003992
_PIE3bits                                 (abs)        003993
_PIN_MANAGER_Initialize                   text6        000114
_PIR2bits                                 (abs)        0039A2
_PIR3bits                                 (abs)        0039A3
_PLLR                                     (abs)        01CEE0
_PMD0                                     (abs)        0039C0
_PMD1                                     (abs)        0039C1
_PMD2                                     (abs)        0039C2
_PMD3                                     (abs)        0039C3
_PMD4                                     (abs)        0039C4
_PMD5                                     (abs)        0039C5
_PMD6                                     (abs)        0039C6
_PMD7                                     (abs)        0039C7
_PMD_Initialize                           text5        0002C2
_PORTC                                    (abs)        003FCC
_PRLOCK                                   (abs)        0039EF
_PRLOCKbits                               (abs)        0039EF
_SLRCONA                                  (abs)        003A43
_SLRCONB                                  (abs)        003A53
_SLRCONC                                  (abs)        003A63
_SYSTEM_Initialize                        text1        000308
_SrcVarName0                              bssCOMRAM    000005
_SystemArbiter_Initialize                 text4        000326
_T0CON0                                   (abs)        003FB8
_T0CON0bits                               (abs)        003FB8
_T0CON1                                   (abs)        003FB9
_TMR0H                                    (abs)        003FB7
_TMR0L                                    (abs)        003FB6
_TMR0_DefaultInterruptHandler             text11       00033E
_TMR0_ISR                                 text10       0001AC
_TMR0_Initialize                          text2        00029E
_TMR0_InterruptHandler                    bssCOMRAM    000003
_TMR0_SetInterruptHandler                 text3        000334
_TMR0_stepISR                             text12       0000AC
_TRISA                                    (abs)        003FC2
_TRISB                                    (abs)        003FC3
_TRISC                                    (abs)        003FC4
_WPUA                                     (abs)        003A41
_WPUB                                     (abs)        003A51
_WPUC                                     (abs)        003A61
_WPUE                                     (abs)        003A81
__HRAM                                    (abs)        000000
__Habs1                                   abs1         000000
__Hbank0                                  bank0        000000
__Hbank1                                  bank1        000000
__Hbank10                                 bank10       000000
__Hbank11                                 bank11       000000
__Hbank12                                 bank12       000000
__Hbank13                                 bank13       000000
__Hbank14                                 bank14       000000
__Hbank15                                 bank15       000000
__Hbank2                                  bank2        000000
__Hbank3                                  bank3        000000
__Hbank4                                  bank4        000000
__Hbank5                                  bank5        000000
__Hbank6                                  bank6        000000
__Hbank7                                  bank7        000000
__Hbank8                                  bank8        000000
__Hbank9                                  bank9        000000
__Hbigbss                                 bigbss       000000
__Hbigdata                                bigdata      000000
__Hbigram                                 bigram       000000
__Hbigsfr                                 bigsfr       000000
__Hbss                                    bss          000000
__HbssCOMRAM                              bssCOMRAM    000000
__Hcinit                                  cinit        000000
__Hclrtext                                clrtext      000000
__Hcomram                                 comram       000000
__Hconfig                                 config       30000A
__Hconst                                  const        000000
__HcstackCOMRAM                           cstackCOMRAM 000000
__Hdata                                   data         000000
__Heeprom_data                            eeprom_data  000000
__Hfarbss                                 farbss       000000
__Hfardata                                fardata      000000
__Hheap                                   heap         000000
__Hibigdata                               ibigdata     000000
__Hidata                                  idata        000000
__Hidloc                                  idloc        200010
__Hifardata                               ifardata     000000
__Hinit                                   init         0000AC
__Hintsave_regs                           intsave_regs 000000
__Hirdata                                 irdata       000000
__Hivt0x8                                 ivt0x8       0000A8
__Hmediumconst                            mediumconst  000000
__HnvFARRAM                               nvFARRAM     000000
__Hnvbit                                  nvbit        000000
__Hnvrram                                 nvrram       000000
__Hparam                                  rparam       000000
__Hpowerup                                powerup      000000
__Hram                                    ram          000000
__Hramtop                                 ramtop       001000
__Hrbit                                   rbit         000000
__Hrbss                                   rbss         000000
__Hrdata                                  rdata        000000
__Hreset_vec                              reset_vec    000004
__Hrparam                                 rparam       000000
__Hsfr                                    sfr          000000
__Hsmallconst                             smallconst   000000
__Hspace_0                                (abs)        001000
__Hspace_1                                (abs)        000012
__Hspace_2                                (abs)        000000
__Hspace_4                                (abs)        60000A
__Hstack                                  stack        000000
__Hstruct                                 struct       000000
__Htemp                                   temp         000000
__Htext                                   text         000000
__Htext0                                  text0        000000
__Htext1                                  text1        000000
__Htext10                                 text10       000000
__Htext11                                 text11       000000
__Htext12                                 text12       000000
__Htext13                                 text13       000000
__Htext14                                 text14       000000
__Htext2                                  text2        000000
__Htext3                                  text3        000000
__Htext4                                  text4        000000
__Htext5                                  text5        000000
__Htext6                                  text6        000000
__Htext7                                  text7        000000
__Htext8                                  text8        000000
__Htext9                                  text9        000000
__LRAM                                    (abs)        000001
__Labs1                                   abs1         000000
__Lbank0                                  bank0        000000
__Lbank1                                  bank1        000000
__Lbank10                                 bank10       000000
__Lbank11                                 bank11       000000
__Lbank12                                 bank12       000000
__Lbank13                                 bank13       000000
__Lbank14                                 bank14       000000
__Lbank15                                 bank15       000000
__Lbank2                                  bank2        000000
__Lbank3                                  bank3        000000
__Lbank4                                  bank4        000000
__Lbank5                                  bank5        000000
__Lbank6                                  bank6        000000
__Lbank7                                  bank7        000000
__Lbank8                                  bank8        000000
__Lbank9                                  bank9        000000
__Lbigbss                                 bigbss       000000
__Lbigdata                                bigdata      000000
__Lbigram                                 bigram       000000
__Lbigsfr                                 bigsfr       000000
__Lbss                                    bss          000000
__LbssCOMRAM                              bssCOMRAM    000000
__Lcinit                                  cinit        000000
__Lclrtext                                clrtext      000000
__Lcomram                                 comram       000000
__Lconfig                                 config       000000
__Lconst                                  const        000000
__LcstackCOMRAM                           cstackCOMRAM 000000
__Ldata                                   data         000000
__Leeprom_data                            eeprom_data  000000
__Lfarbss                                 farbss       000000
__Lfardata                                fardata      000000
__Lheap                                   heap         000000
__Libigdata                               ibigdata     000000
__Lidata                                  idata        000000
__Lidloc                                  idloc        000000
__Lifardata                               ifardata     000000
__Linit                                   init         0000A8
__Lintsave_regs                           intsave_regs 000000
__Lirdata                                 irdata       000000
__Livt0x8                                 ivt0x8       000008
__Lmediumconst                            mediumconst  000000
__LnvFARRAM                               nvFARRAM     000000
__Lnvbit                                  nvbit        000000
__Lnvrram                                 nvrram       000000
__Lparam                                  rparam       000000
__Lpowerup                                powerup      000000
__Lram                                    ram          000000
__Lramtop                                 ramtop       001000
__Lrbit                                   rbit         000000
__Lrbss                                   rbss         000000
__Lrdata                                  rdata        000000
__Lreset_vec                              reset_vec    000000
__Lrparam                                 rparam       000000
__Lsfr                                    sfr          000000
__Lsmallconst                             smallconst   000000
__Lspace_0                                (abs)        000000
__Lspace_1                                (abs)        000000
__Lspace_2                                (abs)        000000
__Lspace_4                                (abs)        000000
__Lstack                                  stack        000000
__Lstruct                                 struct       000000
__Ltemp                                   temp         000000
__Ltext                                   text         000000
__Ltext0                                  text0        000000
__Ltext1                                  text1        000000
__Ltext10                                 text10       000000
__Ltext11                                 text11       000000
__Ltext12                                 text12       000000
__Ltext13                                 text13       000000
__Ltext14                                 text14       000000
__Ltext2                                  text2        000000
__Ltext3                                  text3        000000
__Ltext4                                  text4        000000
__Ltext5                                  text5        000000
__Ltext6                                  text6        000000
__Ltext7                                  text7        000000
__Ltext8                                  text8        000000
__Ltext9                                  text9        000000
__S0                                      (abs)        000342
__S1                                      (abs)        000012
__S4                                      (abs)        000000
__S5                                      (abs)        000000
___heap_hi                                (abs)        000000
___heap_lo                                (abs)        000000
___inthi_sp                               stack        000000
___intlo_sp                               stack        000000
___param_bank                             (abs)        000000
___rparam_used                            (abs)        000001
___sp                                     stack        000000
__accesstop                               (abs)        000060
__activetblptr                            (abs)        000002
__end_of_DMA1_Initialize                  text9        0001AC
__end_of_Default_ISR                      text13       000342
__end_of_INTERRUPT_Initialize             text8        000278
__end_of_OSCILLATOR_Initialize            text7        00029E
__end_of_PIN_MANAGER_Initialize           text6        000160
__end_of_PMD_Initialize                   text5        0002E6
__end_of_SYSTEM_Initialize                text1        000326
__end_of_SystemArbiter_Initialize         text4        000334
__end_of_TMR0_DefaultInterruptHandler     text11       000340
__end_of_TMR0_ISR                         text10       0001F6
__end_of_TMR0_Initialize                  text2        0002C2
__end_of_TMR0_SetInterruptHandler         text3        00033E
__end_of_TMR0_stepISR                     text12       000114
__end_of__initialization                  cinit        0002FE
__end_of_main                             text0        00023C
__initialization                          cinit        0002E6
__mediumconst                             mediumconst  000000
__pbssCOMRAM                              bssCOMRAM    000001
__pcinit                                  cinit        0002E6
__pcstackCOMRAM                           cstackCOMRAM 00000E
__pivt0x8                                 ivt0x8       000008
__ptext0                                  text0        0001F6
__ptext1                                  text1        000308
__ptext10                                 text10       0001AC
__ptext11                                 text11       00033E
__ptext12                                 text12       0000AC
__ptext13                                 text13       000340
__ptext14                                 text14       000000
__ptext2                                  text2        00029E
__ptext3                                  text3        000334
__ptext4                                  text4        000326
__ptext5                                  text5        0002C2
__ptext6                                  text6        000114
__ptext7                                  text7        000278
__ptext8                                  text8        00023C
__ptext9                                  text9        000160
__ramtop                                  ramtop       001000
__smallconst                              smallconst   000000
_main                                     text0        0001F6
end_of_initialization                     cinit        0002FE
intlevel0                                 text         000000
intlevel1                                 text         000000
intlevel2                                 text         000000
intlevel3                                 text         000000
isa$std                                   (abs)        000001
isa$xinst                                 (abs)        000000
ivt0x8_base                               ivt0x8       000008
ivt0x8_undefint                           ivt0x8       0000A6
stackhi                                   (abs)        000000
stacklo                                   (abs)        000000
start                                     init         0000A8
start_initialization                      cinit        0002E6


MODULE INFORMATION

Module		Function		Class		Link	Load	Size
mcc_generated_files/interrupt_manager.c
		_INTERRUPT_Initialize		CODE           	023C	0000	60
		_Default_ISR   		CODE           	0340	0000	2

mcc_generated_files/interrupt_manager.c estimated size: 62

mcc_generated_files/tmr0.c
		_TMR0_SetInterruptHandler		CODE           	0334	0000	10
		_TMR0_DefaultInterruptHandler		CODE           	033E	0000	2
		_TMR0_ISR      		CODE           	01AC	0000	74
		_TMR0_Initialize		CODE           	029E	0000	36

mcc_generated_files/tmr0.c estimated size: 122

mcc_generated_files/pin_manager.c
		_PIN_MANAGER_Initialize		CODE           	0114	0000	76

mcc_generated_files/pin_manager.c estimated size: 76

mcc_generated_files/dma1.c
		_DMA1_Initialize		CODE           	0160	0000	76

mcc_generated_files/dma1.c estimated size: 76

shared
		__initialization		CODE           	02E6	0000	24

shared estimated size: 24

mcc_generated_files/mcc.c
		_SystemArbiter_Initialize		CODE           	0326	0000	14
		_PMD_Initialize		CODE           	02C2	0000	36
		_OSCILLATOR_Initialize		CODE           	0278	0000	38
		_SYSTEM_Initialize		CODE           	0308	0000	30

mcc_generated_files/mcc.c estimated size: 118

main.c
		_TMR0_stepISR  		CODE           	00AC	0000	104
		_main          		CODE           	01F6	0000	70

main.c estimated size: 174

